###############################################################################
#
# IAR ELF Linker V9.20.1.318/W64 for ARM                  03/Dec/2021  17:23:57
# Copyright 2007-2021 IAR Systems AB.
#
#    Output file  =
#        C:\Users\user\Documents\GitHub\real-time-computing-systems\Audio_playback_and_record\EWARM\MEDIA_IntFLASH\Exe\STM32F4-Discovery_Audio_IntFLASH.out
#    Map file     =
#        C:\Users\user\Documents\GitHub\real-time-computing-systems\Audio_playback_and_record\EWARM\MEDIA_IntFLASH\List\STM32F4-Discovery_Audio_IntFLASH.map
#    Command line =
#        -f
#        C:\Users\user\Documents\GitHub\real-time-computing-systems\Audio_playback_and_record\EWARM\MEDIA_IntFLASH\Exe\STM32F4-Discovery_Audio_IntFLASH.out.rsp
#        (C:\Users\user\Documents\GitHub\real-time-computing-systems\Audio_playback_and_record\EWARM\MEDIA_IntFLASH\Obj\User\audio_sample.o
#        C:\Users\user\Documents\GitHub\real-time-computing-systems\Audio_playback_and_record\Utilities\STM32F4-Discovery\libPDMFilter_IAR.a
#        C:\Users\user\Documents\GitHub\real-time-computing-systems\Audio_playback_and_record\EWARM\MEDIA_IntFLASH\Obj\User\main.o
#        C:\Users\user\Documents\GitHub\real-time-computing-systems\Audio_playback_and_record\EWARM\MEDIA_IntFLASH\Obj\STM32F4xx_StdPeriph_Driver\misc.o
#        C:\Users\user\Documents\GitHub\real-time-computing-systems\Audio_playback_and_record\EWARM\MEDIA_IntFLASH\Obj\EWARM\startup_stm32f4xx.o
#        C:\Users\user\Documents\GitHub\real-time-computing-systems\Audio_playback_and_record\EWARM\MEDIA_IntFLASH\Obj\STM32F4-Discovery\stm32f4_discovery.o
#        C:\Users\user\Documents\GitHub\real-time-computing-systems\Audio_playback_and_record\EWARM\MEDIA_IntFLASH\Obj\STM32F4-Discovery\stm32f4_discovery_audio_codec.o
#        C:\Users\user\Documents\GitHub\real-time-computing-systems\Audio_playback_and_record\EWARM\MEDIA_IntFLASH\Obj\STM32F4-Discovery\stm32f4_discovery_lis302dl.o
#        C:\Users\user\Documents\GitHub\real-time-computing-systems\Audio_playback_and_record\EWARM\MEDIA_IntFLASH\Obj\STM32F4xx_StdPeriph_Driver\stm32f4xx_dac.o
#        C:\Users\user\Documents\GitHub\real-time-computing-systems\Audio_playback_and_record\EWARM\MEDIA_IntFLASH\Obj\STM32F4xx_StdPeriph_Driver\stm32f4xx_dma.o
#        C:\Users\user\Documents\GitHub\real-time-computing-systems\Audio_playback_and_record\EWARM\MEDIA_IntFLASH\Obj\STM32F4xx_StdPeriph_Driver\stm32f4xx_exti.o
#        C:\Users\user\Documents\GitHub\real-time-computing-systems\Audio_playback_and_record\EWARM\MEDIA_IntFLASH\Obj\STM32F4xx_StdPeriph_Driver\stm32f4xx_gpio.o
#        C:\Users\user\Documents\GitHub\real-time-computing-systems\Audio_playback_and_record\EWARM\MEDIA_IntFLASH\Obj\STM32F4xx_StdPeriph_Driver\stm32f4xx_i2c.o
#        C:\Users\user\Documents\GitHub\real-time-computing-systems\Audio_playback_and_record\EWARM\MEDIA_IntFLASH\Obj\User\stm32f4xx_it.o
#        C:\Users\user\Documents\GitHub\real-time-computing-systems\Audio_playback_and_record\EWARM\MEDIA_IntFLASH\Obj\STM32F4xx_StdPeriph_Driver\stm32f4xx_pwr.o
#        C:\Users\user\Documents\GitHub\real-time-computing-systems\Audio_playback_and_record\EWARM\MEDIA_IntFLASH\Obj\STM32F4xx_StdPeriph_Driver\stm32f4xx_rcc.o
#        C:\Users\user\Documents\GitHub\real-time-computing-systems\Audio_playback_and_record\EWARM\MEDIA_IntFLASH\Obj\STM32F4xx_StdPeriph_Driver\stm32f4xx_rtc.o
#        C:\Users\user\Documents\GitHub\real-time-computing-systems\Audio_playback_and_record\EWARM\MEDIA_IntFLASH\Obj\STM32F4xx_StdPeriph_Driver\stm32f4xx_spi.o
#        C:\Users\user\Documents\GitHub\real-time-computing-systems\Audio_playback_and_record\EWARM\MEDIA_IntFLASH\Obj\STM32F4xx_StdPeriph_Driver\stm32f4xx_syscfg.o
#        C:\Users\user\Documents\GitHub\real-time-computing-systems\Audio_playback_and_record\EWARM\MEDIA_IntFLASH\Obj\STM32F4xx_StdPeriph_Driver\stm32f4xx_tim.o
#        C:\Users\user\Documents\GitHub\real-time-computing-systems\Audio_playback_and_record\EWARM\MEDIA_IntFLASH\Obj\User\system_stm32f4xx.o
#        C:\Users\user\Documents\GitHub\real-time-computing-systems\Audio_playback_and_record\EWARM\MEDIA_IntFLASH\Obj\User\waveplayer.o
#        --redirect _Printf=_PrintfSmallNoMb --redirect _Scanf=_ScanfSmallNoMb
#        --no_out_extension -o
#        C:\Users\user\Documents\GitHub\real-time-computing-systems\Audio_playback_and_record\EWARM\MEDIA_IntFLASH\Exe\STM32F4-Discovery_Audio_IntFLASH.out
#        --map
#        C:\Users\user\Documents\GitHub\real-time-computing-systems\Audio_playback_and_record\EWARM\MEDIA_IntFLASH\List\STM32F4-Discovery_Audio_IntFLASH.map
#        --config
#        C:\Users\user\Documents\GitHub\real-time-computing-systems\Audio_playback_and_record\EWARM\stm32f4xx_flash.icf
#        --semihosting --entry __iar_program_start --vfe --text_out locale)
#
###############################################################################

*******************************************************************************
*** RUNTIME MODEL ATTRIBUTES
***

CppFlavor       = *
__CPP_Runtime   = 1
__SystemLibrary = DLib
__dlib_version  = 6


*******************************************************************************
*** HEAP SELECTION
***

The basic heap was selected because no calls to memory allocation
functions were found in the application outside of system library
functions, and there are calls to deallocation functions in the
application.


*******************************************************************************
*** PLACEMENT SUMMARY
***

"A0":  place at address 0x800'0000 { ro section .intvec };
"P1":  place in [from 0x800'0000 to 0x80f'ffff] { ro };
define block CSTACK with size = 8K, alignment = 8 { };
define block HEAP with size = 148K, alignment = 8 { };
"P2":  place in [from 0x2000'0000 to 0x2001'ffff] {
          rw, block CSTACK, block HEAP };
initialize by copy { rw };

  Section            Kind         Address      Size  Object
  -------            ----         -------      ----  ------
"A0":                                         0x188
  .intvec            ro code   0x800'0000     0x188  startup_stm32f4xx.o [1]
                             - 0x800'0188     0x188

"P1":                                      0x1'9766
  .rodata            const     0x800'0188  0x1'7650  waveplayer.o [4]
  .text              ro code   0x801'77d8     0x96c  stm32f4_discovery_audio_codec.o [2]
  .text              ro code   0x801'8144     0x110  stm32f4xx_rcc.o [3]
  .text              ro code   0x801'8254      0xba  stm32f4xx_gpio.o [3]
  .text              ro code   0x801'830e      0x3a  packbits_init_single.o [7]
  .text              ro code   0x801'8348     0x1fe  stm32f4xx_i2c.o [3]
  .text              ro code   0x801'8548     0x1fc  stm32f4xx_spi.o [3]
  .text              ro code   0x801'8744      0x64  stm32f4xx_dac.o [3]
  .text              ro code   0x801'87a8     0x21c  stm32f4xx_dma.o [3]
  .text              ro code   0x801'89c4      0x78  misc.o [3]
  .text              ro code   0x801'8a3c     0x1f4  waveplayer.o [4]
  .text              ro code   0x801'8c30      0x86  ABImemcpy.o [7]
  .text              ro code   0x801'8cb8     0x32c  stm32f4_discovery_lis302dl.o [2]
  .text              ro code   0x801'8fe4      0x28  stm32f4xx_syscfg.o [3]
  .text              ro code   0x801'900c      0x8c  stm32f4xx_exti.o [3]
  .text              ro code   0x801'9098     0x158  stm32f4xx_tim.o [3]
  .text              ro code   0x801'91f0     0x130  main.o [4]
  .text              ro code   0x801'9320      0x98  stm32f4_discovery.o [2]
  .text              ro code   0x801'93b8     0x128  stm32f4xx_it.o [4]
  .text              ro code   0x801'94e0     0x11c  system_stm32f4xx.o [4]
  .text              ro code   0x801'95fc      0x38  zero_init3.o [7]
  .text              ro code   0x801'9634      0x28  data_init.o [7]
  .text              ro code   0x801'965c      0x22  fpinit_M.o [6]
  .iar.init_table    const     0x801'9680      0x20  - Linker created -
  .text              ro code   0x801'96a0      0x1e  cmain.o [7]
  .text              ro code   0x801'96be       0x4  low_level_init.o [5]
  .text              ro code   0x801'96c2       0x4  exit.o [5]
  .text              ro code   0x801'96c8       0xa  cexit.o [7]
  .text              ro code   0x801'96d4      0x14  exit.o [8]
  .text              ro code   0x801'96e8      0x1c  cstartup_M.o [7]
  .text              ro code   0x801'9704      0x10  startup_stm32f4xx.o [1]
  .text              ro code   0x801'9714       0x4  startup_stm32f4xx.o [1]
  .text              ro code   0x801'9718       0x4  startup_stm32f4xx.o [1]
  .text              ro code   0x801'971c       0x4  startup_stm32f4xx.o [1]
  .text              ro code   0x801'9720       0x4  startup_stm32f4xx.o [1]
  .text              ro code   0x801'9724       0x4  startup_stm32f4xx.o [1]
  .text              ro code   0x801'9728       0x4  startup_stm32f4xx.o [1]
  .text              ro code   0x801'972c       0x4  startup_stm32f4xx.o [1]
  .text              ro code   0x801'9730       0x4  startup_stm32f4xx.o [1]
  .text              ro code   0x801'9734       0x4  startup_stm32f4xx.o [1]
  .text              ro code   0x801'9738       0x4  startup_stm32f4xx.o [1]
  .text              ro code   0x801'973c       0x4  startup_stm32f4xx.o [1]
  .text              ro code   0x801'9740       0x4  startup_stm32f4xx.o [1]
  .text              ro code   0x801'9744       0x4  startup_stm32f4xx.o [1]
  .text              ro code   0x801'9748       0x4  startup_stm32f4xx.o [1]
  .text              ro code   0x801'974c       0x4  startup_stm32f4xx.o [1]
  .text              ro code   0x801'9750       0x4  startup_stm32f4xx.o [1]
  .text              ro code   0x801'9754       0x4  startup_stm32f4xx.o [1]
  .text              ro code   0x801'9758       0x4  startup_stm32f4xx.o [1]
  .text              ro code   0x801'975c       0x4  startup_stm32f4xx.o [1]
  .text              ro code   0x801'9760       0x4  startup_stm32f4xx.o [1]
  .text              ro code   0x801'9764       0x4  startup_stm32f4xx.o [1]
  .text              ro code   0x801'9768       0x4  startup_stm32f4xx.o [1]
  .text              ro code   0x801'976c       0x4  startup_stm32f4xx.o [1]
  .text              ro code   0x801'9770       0x4  startup_stm32f4xx.o [1]
  .text              ro code   0x801'9774       0x4  startup_stm32f4xx.o [1]
  .text              ro code   0x801'9778       0x4  startup_stm32f4xx.o [1]
  .text              ro code   0x801'977c       0x4  startup_stm32f4xx.o [1]
  .text              ro code   0x801'9780       0x4  startup_stm32f4xx.o [1]
  .text              ro code   0x801'9784       0x4  startup_stm32f4xx.o [1]
  .text              ro code   0x801'9788       0x4  startup_stm32f4xx.o [1]
  .text              ro code   0x801'978c       0x4  startup_stm32f4xx.o [1]
  .text              ro code   0x801'9790       0x4  startup_stm32f4xx.o [1]
  .text              ro code   0x801'9794       0x4  startup_stm32f4xx.o [1]
  .text              ro code   0x801'9798       0x4  startup_stm32f4xx.o [1]
  .text              ro code   0x801'979c       0x4  startup_stm32f4xx.o [1]
  .text              ro code   0x801'97a0       0x4  startup_stm32f4xx.o [1]
  .text              ro code   0x801'97a4       0x4  startup_stm32f4xx.o [1]
  .text              ro code   0x801'97a8       0x4  startup_stm32f4xx.o [1]
  .text              ro code   0x801'97ac       0x4  startup_stm32f4xx.o [1]
  .text              ro code   0x801'97b0       0x4  startup_stm32f4xx.o [1]
  .text              ro code   0x801'97b4       0x4  startup_stm32f4xx.o [1]
  .text              ro code   0x801'97b8       0x4  startup_stm32f4xx.o [1]
  .text              ro code   0x801'97bc       0x4  startup_stm32f4xx.o [1]
  .text              ro code   0x801'97c0       0x4  startup_stm32f4xx.o [1]
  .text              ro code   0x801'97c4       0x4  startup_stm32f4xx.o [1]
  .text              ro code   0x801'97c8       0x4  startup_stm32f4xx.o [1]
  .text              ro code   0x801'97cc       0x4  startup_stm32f4xx.o [1]
  .text              ro code   0x801'97d0       0x4  startup_stm32f4xx.o [1]
  .text              ro code   0x801'97d4       0x4  startup_stm32f4xx.o [1]
  .text              ro code   0x801'97d8       0x4  startup_stm32f4xx.o [1]
  .text              ro code   0x801'97dc       0x4  startup_stm32f4xx.o [1]
  .text              ro code   0x801'97e0       0x4  startup_stm32f4xx.o [1]
  .text              ro code   0x801'97e4       0x4  startup_stm32f4xx.o [1]
  .text              ro code   0x801'97e8       0x4  startup_stm32f4xx.o [1]
  .text              ro code   0x801'97ec       0x4  startup_stm32f4xx.o [1]
  .text              ro code   0x801'97f0       0x4  startup_stm32f4xx.o [1]
  .text              ro code   0x801'97f4       0x4  startup_stm32f4xx.o [1]
  .text              ro code   0x801'97f8       0x4  startup_stm32f4xx.o [1]
  .text              ro code   0x801'97fc       0x4  startup_stm32f4xx.o [1]
  .text              ro code   0x801'9800       0x4  startup_stm32f4xx.o [1]
  .text              ro code   0x801'9804       0x4  startup_stm32f4xx.o [1]
  .text              ro code   0x801'9808       0x4  startup_stm32f4xx.o [1]
  .text              ro code   0x801'980c       0x4  startup_stm32f4xx.o [1]
  .text              ro code   0x801'9810       0x4  startup_stm32f4xx.o [1]
  .text              ro code   0x801'9814       0x4  startup_stm32f4xx.o [1]
  .text              ro code   0x801'9818       0x4  startup_stm32f4xx.o [1]
  .text              ro code   0x801'981c       0x4  startup_stm32f4xx.o [1]
  .text              ro code   0x801'9820       0x4  startup_stm32f4xx.o [1]
  .text              ro code   0x801'9824       0x4  startup_stm32f4xx.o [1]
  .text              ro code   0x801'9828       0x4  startup_stm32f4xx.o [1]
  .text              ro code   0x801'982c       0x4  startup_stm32f4xx.o [1]
  .text              ro code   0x801'9830       0x4  startup_stm32f4xx.o [1]
  .text              ro code   0x801'9834       0x4  startup_stm32f4xx.o [1]
  .text              ro code   0x801'9838       0x4  startup_stm32f4xx.o [1]
  .text              ro code   0x801'983c       0x4  startup_stm32f4xx.o [1]
  .text              ro code   0x801'9840       0x4  startup_stm32f4xx.o [1]
  .text              ro code   0x801'9844       0x4  startup_stm32f4xx.o [1]
  .text              ro code   0x801'9848       0x4  startup_stm32f4xx.o [1]
  .text              ro code   0x801'984c       0x4  startup_stm32f4xx.o [1]
  .text              ro code   0x801'9850       0x4  startup_stm32f4xx.o [1]
  .text              ro code   0x801'9854       0x4  startup_stm32f4xx.o [1]
  .text              ro code   0x801'9858       0x4  startup_stm32f4xx.o [1]
  .text              ro code   0x801'985c       0x4  startup_stm32f4xx.o [1]
  .text              ro code   0x801'9860       0x4  startup_stm32f4xx.o [1]
  .text              ro code   0x801'9864       0x4  startup_stm32f4xx.o [1]
  .text              ro code   0x801'9868       0x4  startup_stm32f4xx.o [1]
  .text              ro code   0x801'986c       0x4  startup_stm32f4xx.o [1]
  .text              ro code   0x801'9870       0x4  startup_stm32f4xx.o [1]
  .text              ro code   0x801'9874       0x4  startup_stm32f4xx.o [1]
  .text              ro code   0x801'9878       0x4  startup_stm32f4xx.o [1]
  .text              ro code   0x801'987c       0x4  startup_stm32f4xx.o [1]
  .rodata            const     0x801'9880       0x0  zero_init3.o [7]
  .rodata            const     0x801'9880       0x0  packbits_init_single.o [7]
  Initializer bytes  const     0x801'9880      0x6e  <for P2-1>
                             - 0x801'98ee  0x1'9766

"P2", part 1 of 3:                             0xcb
  P2-1                        0x2000'0000      0xcb  <Init block>
    .data            inited   0x2000'0000      0x14  main.o [4]
    .data            inited   0x2000'0014      0x10  stm32f4_discovery.o [2]
    .data            inited   0x2000'0024      0x78  stm32f4_discovery_audio_codec.o [2]
    .data            inited   0x2000'009c       0x4  stm32f4_discovery_audio_codec.o [2]
    .data            inited   0x2000'00a0       0x4  stm32f4_discovery_lis302dl.o [2]
    .data            inited   0x2000'00a4      0x10  stm32f4xx_rcc.o [3]
    .data            inited   0x2000'00b4      0x14  system_stm32f4xx.o [4]
    .data            inited   0x2000'00c8       0x2  stm32f4xx_it.o [4]
    .data            inited   0x2000'00ca       0x1  waveplayer.o [4]
                            - 0x2000'00cb      0xcb

"P2", part 2 of 3:                         0x1'7664
  .bss               zero     0x2000'00cc  0x1'7654  waveplayer.o [4]
  .bss               zero     0x2001'7720       0x8  waveplayer.o [4]
  .bss               zero     0x2001'7728       0x4  stm32f4xx_it.o [4]
  .bss               zero     0x2001'772c       0x4  waveplayer.o [4]
                            - 0x2001'7730  0x1'7664

"P2", part 3 of 3:                           0x2000
  CSTACK                      0x2001'7730    0x2000  <Block>
    CSTACK           uninit   0x2001'7730    0x2000  <Block tail>
                            - 0x2001'9730    0x2000

Unused ranges:

         From           To      Size
         ----           --      ----
   0x801'98ee   0x80f'ffff  0xe'6712
  0x2000'00cb  0x2000'00cb       0x1
  0x2001'9730  0x2001'ffff    0x68d0


*******************************************************************************
*** INIT TABLE
***

          Address      Size
          -------      ----
Zero (__iar_zero_init3)
    1 destination range, total size 0x1'7664:
          0x2000'00cc  0x1'7664

Copy/packbits (__iar_packbits_init_single3)
    1 source range, total size 0x6e (54% of destination):
           0x801'9880      0x6e
    1 destination range, total size 0xcb:
          0x2000'0000      0xcb



*******************************************************************************
*** MODULE SUMMARY
***

    Module                           ro code  ro data  rw data
    ------                           -------  -------  -------
command line/config:
    ----------------------------------------------------------
    Total:

C:\Users\user\Documents\GitHub\real-time-computing-systems\Audio_playback_and_record\EWARM\MEDIA_IntFLASH\Obj\EWARM: [1]
    startup_stm32f4xx.o                  772
    ----------------------------------------------------------
    Total:                               772

C:\Users\user\Documents\GitHub\real-time-computing-systems\Audio_playback_and_record\EWARM\MEDIA_IntFLASH\Obj\STM32F4-Discovery: [2]
    stm32f4_discovery.o                  152        9       16
    stm32f4_discovery_audio_codec.o    2'412       67      124
    stm32f4_discovery_lis302dl.o         812        2        4
    ----------------------------------------------------------
    Total:                             3'376       78      144

C:\Users\user\Documents\GitHub\real-time-computing-systems\Audio_playback_and_record\EWARM\MEDIA_IntFLASH\Obj\STM32F4xx_StdPeriph_Driver: [3]
    misc.o                               120
    stm32f4xx_dac.o                      100
    stm32f4xx_dma.o                      540
    stm32f4xx_exti.o                     140
    stm32f4xx_gpio.o                     186
    stm32f4xx_i2c.o                      510
    stm32f4xx_rcc.o                      272        9       16
    stm32f4xx_spi.o                      508
    stm32f4xx_syscfg.o                    40
    stm32f4xx_tim.o                      344
    ----------------------------------------------------------
    Total:                             2'760        9       16

C:\Users\user\Documents\GitHub\real-time-computing-systems\Audio_playback_and_record\EWARM\MEDIA_IntFLASH\Obj\User: [4]
    main.o                               304       10       20
    stm32f4xx_it.o                       296        1        6
    system_stm32f4xx.o                   284       11       20
    waveplayer.o                         500   95'825   95'841
    ----------------------------------------------------------
    Total:                             1'384   95'847   95'887

dl7M_tln.a: [5]
    exit.o                                 4
    low_level_init.o                       4
    ----------------------------------------------------------
    Total:                                 8

m7M_tls.a: [6]
    fpinit_M.o                            34
    ----------------------------------------------------------
    Total:                                34

rt7M_tl.a: [7]
    ABImemcpy.o                          134
    cexit.o                               10
    cmain.o                               30
    cstartup_M.o                          28
    data_init.o                           40
    packbits_init_single.o                58
    zero_init3.o                          56
    ----------------------------------------------------------
    Total:                               356

shb_l.a: [8]
    exit.o                                20
    ----------------------------------------------------------
    Total:                                20

    Gaps                                   8        2
    Linker created                                 32    8'192
--------------------------------------------------------------
    Grand Total:                       8'718   95'968  104'239


*******************************************************************************
*** ENTRY LIST
***

Entry                       Address      Size  Type      Object
-----                       -------      ----  ----      ------
.iar.init_table$$Base    0x801'9680             --   Gb  - Linker created -
.iar.init_table$$Limit   0x801'96a0             --   Gb  - Linker created -
?main                    0x801'96a1            Code  Gb  cmain.o [7]
AHBPrescTable           0x2000'00b8      0x10  Data  Gb  system_stm32f4xx.o [4]
APBAHBPrescTable        0x2000'00a4      0x10  Data  Lc  stm32f4xx_rcc.o [3]
AS                       0x800'0188  0x1'7650  Data  Gb  waveplayer.o [4]
AUDIO_MAL_DMA_CHANNEL   0x2000'0080       0x4  Data  Gb  stm32f4_discovery_audio_codec.o [2]
AUDIO_MAL_DMA_CLOCK     0x2000'0074       0x4  Data  Gb  stm32f4_discovery_audio_codec.o [2]
AUDIO_MAL_DMA_DREG      0x2000'007c       0x4  Data  Gb  stm32f4_discovery_audio_codec.o [2]
AUDIO_MAL_DMA_FLAG_DME  0x2000'0098       0x4  Data  Gb  stm32f4_discovery_audio_codec.o [2]
AUDIO_MAL_DMA_FLAG_FE   0x2000'0090       0x4  Data  Gb  stm32f4_discovery_audio_codec.o [2]
AUDIO_MAL_DMA_FLAG_HT   0x2000'008c       0x4  Data  Gb  stm32f4_discovery_audio_codec.o [2]
AUDIO_MAL_DMA_FLAG_TC   0x2000'0088       0x4  Data  Gb  stm32f4_discovery_audio_codec.o [2]
AUDIO_MAL_DMA_FLAG_TE   0x2000'0094       0x4  Data  Gb  stm32f4_discovery_audio_codec.o [2]
AUDIO_MAL_DMA_IRQ       0x2000'0084       0x4  Data  Gb  stm32f4_discovery_audio_codec.o [2]
AUDIO_MAL_DMA_STREAM    0x2000'0078       0x4  Data  Gb  stm32f4_discovery_audio_codec.o [2]
AudioPlayStart          0x2000'00cc       0x1  Data  Gb  waveplayer.o [4]
AudioRemSize            0x2000'0068       0x4  Data  Gb  stm32f4_discovery_audio_codec.o [2]
AudioTotalSize          0x2000'0064       0x4  Data  Gb  stm32f4_discovery_audio_codec.o [2]
Audio_MAL_IRQHandler     0x801'7d95      0x98  Code  Lc  stm32f4_discovery_audio_codec.o [2]
Buffer                  0x2001'7720       0x8  Data  Gb  waveplayer.o [4]
BusFault_Handler         0x801'93bf       0x2  Code  Gb  stm32f4xx_it.o [4]
CCR_Val                 0x2000'0012       0x2  Data  Gb  main.o [4]
CODECTimeout            0x2000'009c       0x4  Data  Gb  stm32f4_discovery_audio_codec.o [2]
CSTACK$$Base            0x2001'7730             --   Gb  - Linker created -
CSTACK$$Limit           0x2001'9730             --   Gb  - Linker created -
Codec_TIMEOUT_UserCallback
                         0x801'8bf3       0x4  Code  Gb  waveplayer.o [4]
Codec_VolumeCtrl         0x801'7e65      0x20  Code  Lc  stm32f4_discovery_audio_codec.o [2]
Codec_WriteRegister      0x801'7e89     0x206  Code  Lc  stm32f4_discovery_audio_codec.o [2]
Count                   0x2000'00c9       0x1  Data  Gb  stm32f4xx_it.o [4]
CurrAudioInterface      0x2000'0070       0x4  Data  Gb  stm32f4_discovery_audio_codec.o [2]
CurrentPos              0x2000'006c       0x4  Data  Gb  stm32f4_discovery_audio_codec.o [2]
DAC_Cmd                  0x801'876d      0x1a  Code  Gb  stm32f4xx_dac.o [3]
DAC_Config               0x801'808f      0x48  Code  Gb  stm32f4_discovery_audio_codec.o [2]
DAC_Init                 0x801'8745      0x28  Code  Gb  stm32f4xx_dac.o [3]
DAC_SetChannel1Data      0x801'8787      0x1e  Code  Gb  stm32f4xx_dac.o [3]
DMA1_Stream0_IRQHandler
                         0x801'7e2f       0x2  Code  Gb  stm32f4_discovery_audio_codec.o [2]
DMA1_Stream7_IRQHandler
                         0x801'7e2d       0x2  Code  Gb  stm32f4_discovery_audio_codec.o [2]
DMA_ClearFlag            0x801'891f      0x1c  Code  Gb  stm32f4xx_dma.o [3]
DMA_Cmd                  0x801'88db      0x16  Code  Gb  stm32f4xx_dma.o [3]
DMA_DeInit               0x801'87a9      0xe0  Code  Gb  stm32f4xx_dma.o [3]
DMA_GetCmdStatus         0x801'88f1       0x8  Code  Gb  stm32f4xx_dma.o [3]
DMA_GetFlagStatus        0x801'88f9      0x26  Code  Gb  stm32f4xx_dma.o [3]
DMA_ITConfig             0x801'893b      0x2e  Code  Gb  stm32f4xx_dma.o [3]
DMA_Init                 0x801'8889      0x52  Code  Gb  stm32f4xx_dma.o [3]
DMA_InitStructure       0x2000'0024      0x3c  Data  Gb  stm32f4_discovery_audio_codec.o [2]
DebugMon_Handler         0x801'93c5       0x2  Code  Gb  stm32f4xx_it.o [4]
EVAL_AUDIO_GetSampleCallBack
                         0x801'8bef       0x4  Code  Gb  waveplayer.o [4]
EVAL_AUDIO_Init          0x801'785f     0x3b2  Code  Gb  stm32f4_discovery_audio_codec.o [2]
EVAL_AUDIO_PauseResume   0x801'7c6b      0x84  Code  Gb  stm32f4_discovery_audio_codec.o [2]
EVAL_AUDIO_Play          0x801'7c11      0x5a  Code  Gb  stm32f4_discovery_audio_codec.o [2]
EVAL_AUDIO_SetAudioInterface
                         0x801'77d9      0x86  Code  Gb  stm32f4_discovery_audio_codec.o [2]
EVAL_AUDIO_Stop          0x801'7cef      0xa6  Code  Gb  stm32f4_discovery_audio_codec.o [2]
EVAL_AUDIO_TransferComplete_CallBack
                         0x801'8be7       0x8  Code  Gb  waveplayer.o [4]
EXTI1_IRQHandler         0x801'93cd      0x34  Code  Gb  stm32f4xx_it.o [4]
EXTI_ClearITPendingBit   0x801'908b       0x6  Code  Gb  stm32f4xx_exti.o [3]
EXTI_GetITStatus         0x801'9075      0x16  Code  Gb  stm32f4xx_exti.o [3]
EXTI_Init                0x801'900d      0x68  Code  Gb  stm32f4xx_exti.o [3]
GPIO_CLK                 0x801'93a8      0x10  Data  Gb  stm32f4_discovery.o [2]
GPIO_Init                0x801'8255      0x82  Code  Gb  stm32f4xx_gpio.o [3]
GPIO_PIN                 0x801'93a0       0x8  Data  Gb  stm32f4_discovery.o [2]
GPIO_PORT               0x2000'0014      0x10  Data  Gb  stm32f4_discovery.o [2]
GPIO_PinAFConfig         0x801'82e9      0x26  Code  Gb  stm32f4xx_gpio.o [3]
GPIO_ResetBits           0x801'82db       0x4  Code  Gb  stm32f4xx_gpio.o [3]
GPIO_SetBits             0x801'82d7       0x4  Code  Gb  stm32f4xx_gpio.o [3]
GPIO_WriteBit            0x801'82df       0xa  Code  Gb  stm32f4xx_gpio.o [3]
HardFault_Handler        0x801'93bb       0x2  Code  Gb  stm32f4xx_it.o [4]
I2C_AcknowledgeConfig    0x801'84c9      0x18  Code  Gb  stm32f4xx_i2c.o [3]
I2C_CheckEvent           0x801'84eb      0x1a  Code  Gb  stm32f4xx_i2c.o [3]
I2C_ClearFlag            0x801'8541       0x6  Code  Gb  stm32f4xx_i2c.o [3]
I2C_Cmd                  0x801'8471      0x18  Code  Gb  stm32f4xx_i2c.o [3]
I2C_DeInit               0x801'8349      0x58  Code  Gb  stm32f4xx_i2c.o [3]
I2C_GenerateSTART        0x801'8489      0x18  Code  Gb  stm32f4xx_i2c.o [3]
I2C_GenerateSTOP         0x801'84a1      0x18  Code  Gb  stm32f4xx_i2c.o [3]
I2C_GetFlagStatus        0x801'8505      0x3c  Code  Gb  stm32f4xx_i2c.o [3]
I2C_Init                 0x801'83a1      0xb6  Code  Gb  stm32f4xx_i2c.o [3]
I2C_ReceiveData          0x801'84e5       0x6  Code  Gb  stm32f4xx_i2c.o [3]
I2C_Send7bitAddress      0x801'84b9      0x10  Code  Gb  stm32f4xx_i2c.o [3]
I2C_SendData             0x801'84e1       0x4  Code  Gb  stm32f4xx_i2c.o [3]
I2S_Cmd                  0x801'86ed      0x18  Code  Gb  stm32f4xx_spi.o [3]
I2S_Init                 0x801'85fb      0xc6  Code  Gb  stm32f4xx_spi.o [3]
LED_Toggle              0x2001'7728       0x1  Data  Gb  stm32f4xx_it.o [4]
LIS302DLTimeout         0x2000'00a0       0x4  Data  Gb  stm32f4_discovery_lis302dl.o [2]
LIS302DL_Init            0x801'8cb9     0x15a  Code  Gb  stm32f4_discovery_lis302dl.o [2]
LIS302DL_InterruptConfig
                         0x801'8e13      0x4e  Code  Gb  stm32f4_discovery_lis302dl.o [2]
LIS302DL_Read            0x801'8eed      0x8c  Code  Gb  stm32f4_discovery_lis302dl.o [2]
LIS302DL_SendByte        0x801'8f79      0x5a  Code  Lc  stm32f4_discovery_lis302dl.o [2]
LIS302DL_TIMEOUT_UserCallback
                         0x801'8be5       0x2  Code  Gb  waveplayer.o [4]
LIS302DL_Write           0x801'8e61      0x8c  Code  Gb  stm32f4_discovery_lis302dl.o [2]
MemManage_Handler        0x801'93bd       0x2  Code  Gb  stm32f4xx_it.o [4]
NMI_Handler              0x801'93b9       0x2  Code  Gb  stm32f4xx_it.o [4]
NVIC_Init                0x801'89cf      0x5a  Code  Gb  misc.o [3]
NVIC_PriorityGroupConfig
                         0x801'89c5       0xa  Code  Gb  misc.o [3]
OutputDev               0x2000'0060       0x1  Data  Gb  stm32f4_discovery_audio_codec.o [2]
PauseResumeStatus       0x2000'00c8       0x1  Data  Gb  stm32f4xx_it.o [4]
PendSV_Handler           0x801'93c7       0x2  Code  Gb  stm32f4xx_it.o [4]
RCC_AHB1PeriphClockCmd   0x801'81cb      0x14  Code  Gb  stm32f4xx_rcc.o [3]
RCC_APB1PeriphClockCmd   0x801'81df      0x14  Code  Gb  stm32f4xx_rcc.o [3]
RCC_APB1PeriphResetCmd   0x801'8207      0x14  Code  Gb  stm32f4xx_rcc.o [3]
RCC_APB2PeriphClockCmd   0x801'81f3      0x14  Code  Gb  stm32f4xx_rcc.o [3]
RCC_APB2PeriphResetCmd   0x801'821b      0x14  Code  Gb  stm32f4xx_rcc.o [3]
RCC_Clocks              0x2000'0000      0x10  Data  Gb  main.o [4]
RCC_GetClocksFreq        0x801'8145      0x86  Code  Gb  stm32f4xx_rcc.o [3]
Region$$Table$$Base      0x801'9680             --   Gb  - Linker created -
Region$$Table$$Limit     0x801'96a0             --   Gb  - Linker created -
RepeatState             0x2000'0010       0x1  Data  Gb  main.o [4]
SPI3_IRQHandler          0x801'7e31      0x34  Code  Gb  stm32f4_discovery_audio_codec.o [2]
SPI_Cmd                  0x801'86d5      0x18  Code  Gb  stm32f4xx_spi.o [3]
SPI_I2S_DMACmd           0x801'870d      0x10  Code  Gb  stm32f4xx_spi.o [3]
SPI_I2S_DeInit           0x801'8549      0x60  Code  Gb  stm32f4xx_spi.o [3]
SPI_I2S_GetFlagStatus    0x801'8737       0xe  Code  Gb  stm32f4xx_spi.o [3]
SPI_I2S_ITConfig         0x801'871d      0x1a  Code  Gb  stm32f4xx_spi.o [3]
SPI_I2S_ReceiveData      0x801'8705       0x4  Code  Gb  stm32f4xx_spi.o [3]
SPI_I2S_SendData         0x801'8709       0x4  Code  Gb  stm32f4xx_spi.o [3]
SPI_Init                 0x801'85a9      0x52  Code  Gb  stm32f4xx_spi.o [3]
STM_EVAL_LEDInit         0x801'9321      0x42  Code  Gb  stm32f4_discovery.o [2]
STM_EVAL_LEDOff          0x801'9375      0x10  Code  Gb  stm32f4_discovery.o [2]
STM_EVAL_LEDOn           0x801'9365      0x10  Code  Gb  stm32f4_discovery.o [2]
STM_EVAL_LEDToggle       0x801'9385      0x16  Code  Gb  stm32f4_discovery.o [2]
SVC_Handler              0x801'93c3       0x2  Code  Gb  stm32f4xx_it.o [4]
SYSCFG_EXTILineConfig    0x801'8fe5      0x24  Code  Gb  stm32f4xx_syscfg.o [3]
SysTick_Handler          0x801'93c9       0x4  Code  Gb  stm32f4xx_it.o [4]
SystemCoreClock         0x2000'00b4       0x4  Data  Gb  system_stm32f4xx.o [4]
SystemInit               0x801'94e1      0xfe  Code  Gb  system_stm32f4xx.o [4]
TIM4_IRQHandler          0x801'9401      0xc6  Code  Gb  stm32f4xx_it.o [4]
TIM_ARRPreloadConfig     0x801'90ff      0x18  Code  Gb  stm32f4xx_tim.o [3]
TIM_ClearITPendingBit    0x801'91eb       0x6  Code  Gb  stm32f4xx_tim.o [3]
TIM_Cmd                  0x801'9117      0x18  Code  Gb  stm32f4xx_tim.o [3]
TIM_GetCapture1          0x801'91c3       0x4  Code  Gb  stm32f4xx_tim.o [3]
TIM_GetITStatus          0x801'91d7      0x14  Code  Gb  stm32f4xx_tim.o [3]
TIM_ITConfig             0x801'91c7      0x10  Code  Gb  stm32f4xx_tim.o [3]
TIM_OC1Init              0x801'912f      0x66  Code  Gb  stm32f4xx_tim.o [3]
TIM_OC1PreloadConfig     0x801'91b5       0xe  Code  Gb  stm32f4xx_tim.o [3]
TIM_SetCompare1          0x801'91b1       0x4  Code  Gb  stm32f4xx_tim.o [3]
TIM_TimeBaseInit         0x801'9099      0x66  Code  Gb  stm32f4xx_tim.o [3]
TimingDelay             0x2001'772c       0x4  Data  Lc  waveplayer.o [4]
TimingDelay_Decrement    0x801'8bf7       0xe  Code  Gb  waveplayer.o [4]
UsageFault_Handler       0x801'93c1       0x2  Code  Gb  stm32f4xx_it.o [4]
WavePlayBack             0x801'8a3d      0x5e  Code  Gb  waveplayer.o [4]
WavePlayerInit           0x801'8a9b     0x14a  Code  Gb  waveplayer.o [4]
__aeabi_memcpy4          0x801'8c31            Code  Gb  ABImemcpy.o [7]
__aeabi_memcpy8          0x801'8c31            Code  Gb  ABImemcpy.o [7]
__cmain                  0x801'96a1            Code  Gb  cmain.o [7]
__exit                   0x801'96d5      0x14  Code  Gb  exit.o [8]
__iar_data_init3         0x801'9635      0x28  Code  Gb  data_init.o [7]
__iar_init_vfp           0x801'965d            Code  Gb  fpinit_M.o [6]
__iar_packbits_init_single3
                         0x801'830f      0x3a  Code  Gb  packbits_init_single.o [7]
__iar_program_start      0x801'96e9            Code  Gb  cstartup_M.o [7]
__iar_zero_init3         0x801'95fd      0x38  Code  Gb  zero_init3.o [7]
__low_level_init         0x801'96bf       0x4  Code  Gb  low_level_init.o [5]
__vector_table           0x800'0000            Data  Gb  startup_stm32f4xx.o [1]
_call_main               0x801'96ad            Code  Gb  cmain.o [7]
_exit                    0x801'96c9            Code  Gb  cexit.o [7]
buf                     0x2000'00d0  0x1'7650  Data  Gb  waveplayer.o [4]
capture                 0x2001'772a       0x2  Data  Gb  stm32f4xx_it.o [4]
exit                     0x801'96c3       0x4  Code  Gb  exit.o [5]
main                     0x801'91f1     0x130  Code  Gb  main.o [4]
volume                  0x2000'00ca       0x1  Data  Gb  waveplayer.o [4]


[1] = C:\Users\user\Documents\GitHub\real-time-computing-systems\Audio_playback_and_record\EWARM\MEDIA_IntFLASH\Obj\EWARM
[2] = C:\Users\user\Documents\GitHub\real-time-computing-systems\Audio_playback_and_record\EWARM\MEDIA_IntFLASH\Obj\STM32F4-Discovery
[3] = C:\Users\user\Documents\GitHub\real-time-computing-systems\Audio_playback_and_record\EWARM\MEDIA_IntFLASH\Obj\STM32F4xx_StdPeriph_Driver
[4] = C:\Users\user\Documents\GitHub\real-time-computing-systems\Audio_playback_and_record\EWARM\MEDIA_IntFLASH\Obj\User
[5] = dl7M_tln.a
[6] = m7M_tls.a
[7] = rt7M_tl.a
[8] = shb_l.a

    8'718 bytes of readonly  code memory
   95'968 bytes of readonly  data memory
  104'239 bytes of readwrite data memory

Errors: none
Warnings: none
