###############################################################################
#
# IAR ELF Linker V9.20.1.318/W64 for ARM                  15/Dec/2021  15:15:09
# Copyright 2007-2021 IAR Systems AB.
#
#    Output file  =
#        C:\Users\user\Documents\GitHub\real-time-computing-systems\Audio_playback_and_record\EWARM\MEDIA_IntFLASH\Exe\STM32F4-Discovery_Audio_IntFLASH.out
#    Map file     =
#        C:\Users\user\Documents\GitHub\real-time-computing-systems\Audio_playback_and_record\EWARM\MEDIA_IntFLASH\List\STM32F4-Discovery_Audio_IntFLASH.map
#    Command line =
#        -f
#        C:\Users\user\Documents\GitHub\real-time-computing-systems\Audio_playback_and_record\EWARM\MEDIA_IntFLASH\Exe\STM32F4-Discovery_Audio_IntFLASH.out.rsp
#        (C:\Users\user\Documents\GitHub\real-time-computing-systems\Audio_playback_and_record\Utilities\STM32F4-Discovery\libPDMFilter_IAR.a
#        C:\Users\user\Documents\GitHub\real-time-computing-systems\Audio_playback_and_record\EWARM\MEDIA_IntFLASH\Obj\User\main.o
#        C:\Users\user\Documents\GitHub\real-time-computing-systems\Audio_playback_and_record\EWARM\MEDIA_IntFLASH\Obj\STM32F4xx_StdPeriph_Driver\misc.o
#        C:\Users\user\Documents\GitHub\real-time-computing-systems\Audio_playback_and_record\EWARM\MEDIA_IntFLASH\Obj\EWARM\startup_stm32f4xx.o
#        C:\Users\user\Documents\GitHub\real-time-computing-systems\Audio_playback_and_record\EWARM\MEDIA_IntFLASH\Obj\STM32F4-Discovery\stm32f4_discovery.o
#        C:\Users\user\Documents\GitHub\real-time-computing-systems\Audio_playback_and_record\EWARM\MEDIA_IntFLASH\Obj\STM32F4-Discovery\stm32f4_discovery_audio_codec.o
#        C:\Users\user\Documents\GitHub\real-time-computing-systems\Audio_playback_and_record\EWARM\MEDIA_IntFLASH\Obj\STM32F4-Discovery\stm32f4_discovery_lis302dl.o
#        C:\Users\user\Documents\GitHub\real-time-computing-systems\Audio_playback_and_record\EWARM\MEDIA_IntFLASH\Obj\STM32F4xx_StdPeriph_Driver\stm32f4xx_dac.o
#        C:\Users\user\Documents\GitHub\real-time-computing-systems\Audio_playback_and_record\EWARM\MEDIA_IntFLASH\Obj\STM32F4xx_StdPeriph_Driver\stm32f4xx_dma.o
#        C:\Users\user\Documents\GitHub\real-time-computing-systems\Audio_playback_and_record\EWARM\MEDIA_IntFLASH\Obj\STM32F4xx_StdPeriph_Driver\stm32f4xx_exti.o
#        C:\Users\user\Documents\GitHub\real-time-computing-systems\Audio_playback_and_record\EWARM\MEDIA_IntFLASH\Obj\STM32F4xx_StdPeriph_Driver\stm32f4xx_gpio.o
#        C:\Users\user\Documents\GitHub\real-time-computing-systems\Audio_playback_and_record\EWARM\MEDIA_IntFLASH\Obj\STM32F4xx_StdPeriph_Driver\stm32f4xx_i2c.o
#        C:\Users\user\Documents\GitHub\real-time-computing-systems\Audio_playback_and_record\EWARM\MEDIA_IntFLASH\Obj\User\stm32f4xx_it.o
#        C:\Users\user\Documents\GitHub\real-time-computing-systems\Audio_playback_and_record\EWARM\MEDIA_IntFLASH\Obj\STM32F4xx_StdPeriph_Driver\stm32f4xx_pwr.o
#        C:\Users\user\Documents\GitHub\real-time-computing-systems\Audio_playback_and_record\EWARM\MEDIA_IntFLASH\Obj\STM32F4xx_StdPeriph_Driver\stm32f4xx_rcc.o
#        C:\Users\user\Documents\GitHub\real-time-computing-systems\Audio_playback_and_record\EWARM\MEDIA_IntFLASH\Obj\STM32F4xx_StdPeriph_Driver\stm32f4xx_rtc.o
#        C:\Users\user\Documents\GitHub\real-time-computing-systems\Audio_playback_and_record\EWARM\MEDIA_IntFLASH\Obj\STM32F4xx_StdPeriph_Driver\stm32f4xx_spi.o
#        C:\Users\user\Documents\GitHub\real-time-computing-systems\Audio_playback_and_record\EWARM\MEDIA_IntFLASH\Obj\STM32F4xx_StdPeriph_Driver\stm32f4xx_syscfg.o
#        C:\Users\user\Documents\GitHub\real-time-computing-systems\Audio_playback_and_record\EWARM\MEDIA_IntFLASH\Obj\STM32F4xx_StdPeriph_Driver\stm32f4xx_tim.o
#        C:\Users\user\Documents\GitHub\real-time-computing-systems\Audio_playback_and_record\EWARM\MEDIA_IntFLASH\Obj\User\system_stm32f4xx.o
#        C:\Users\user\Documents\GitHub\real-time-computing-systems\Audio_playback_and_record\EWARM\MEDIA_IntFLASH\Obj\User\waveplayer.o
#        --redirect _Printf=_PrintfSmallNoMb --redirect _Scanf=_ScanfSmallNoMb
#        --no_out_extension -o
#        C:\Users\user\Documents\GitHub\real-time-computing-systems\Audio_playback_and_record\EWARM\MEDIA_IntFLASH\Exe\STM32F4-Discovery_Audio_IntFLASH.out
#        --map
#        C:\Users\user\Documents\GitHub\real-time-computing-systems\Audio_playback_and_record\EWARM\MEDIA_IntFLASH\List\STM32F4-Discovery_Audio_IntFLASH.map
#        --config
#        C:\Users\user\Documents\GitHub\real-time-computing-systems\Audio_playback_and_record\EWARM\stm32f4xx_flash.icf
#        --semihosting --entry __iar_program_start --vfe --text_out locale)
#
###############################################################################

*******************************************************************************
*** RUNTIME MODEL ATTRIBUTES
***

CppFlavor       = *
__CPP_Runtime   = 1
__Heap_Handler  = NoFree
__SystemLibrary = DLib
__dlib_version  = 6


*******************************************************************************
*** HEAP SELECTION
***

The no free heap was selected because no calls to memory
deallocation functions were found in the application.


*******************************************************************************
*** PLACEMENT SUMMARY
***

"A0":  place at address 0x800'0000 { ro section .intvec };
"P1":  place in [from 0x800'0000 to 0x80f'ffff] { ro };
define block CSTACK with size = 8K, alignment = 8 { };
define block HEAP with size = 76K, alignment = 8 { };
"P2":  place in [from 0x2000'0000 to 0x2001'ffff] {
          rw, block CSTACK, block HEAP };
initialize by copy { rw };

  Section            Kind         Address      Size  Object
  -------            ----         -------      ----  ------
"A0":                                         0x188
  .intvec            ro code   0x800'0000     0x188  startup_stm32f4xx.o [1]
                             - 0x800'0188     0x188

"P1":                                        0x2d75
  .text              ro code   0x800'0188     0x96c  stm32f4_discovery_audio_codec.o [2]
  .text              ro code   0x800'0af4     0x110  stm32f4xx_rcc.o [3]
  .text              ro code   0x800'0c04      0xba  stm32f4xx_gpio.o [3]
  .text              ro code   0x800'0cbe      0x3a  packbits_init_single.o [7]
  .text              ro code   0x800'0cf8     0x1fe  stm32f4xx_i2c.o [3]
  .text              ro code   0x800'0ef8     0x1fc  stm32f4xx_spi.o [3]
  .text              ro code   0x800'10f4      0x64  stm32f4xx_dac.o [3]
  .text              ro code   0x800'1158     0x21c  stm32f4xx_dma.o [3]
  .text              ro code   0x800'1374      0x78  misc.o [3]
  .text              ro code   0x800'13ec     0x320  waveplayer.o [4]
  .text              ro code   0x800'170c      0x4c  no_free_heap0.o [5]
  .text              ro code   0x800'1758      0x22  S32ToDbl.o [6]
  .text              ro code   0x800'177c     0x1aa  DblMul.o [6]
  .text              ro code   0x800'1928     0x246  DblDiv.o [6]
  .text              ro code   0x800'1b70      0x12  math_wrappers64.o [6]
  .text              ro code   0x800'1b84      0x36  DblToS32.o [6]
  .text              ro code   0x800'1bbc      0xa6  ABImemcpy.o [7]
  .text              ro code   0x800'1c64     0x32c  stm32f4_discovery_lis302dl.o [2]
  .text              ro code   0x800'1f90      0x28  stm32f4xx_syscfg.o [3]
  .text              ro code   0x800'1fb8      0x8c  stm32f4xx_exti.o [3]
  .text              ro code   0x800'2044      0x2c  xgetmemchunk.o [5]
  .text              ro code   0x800'2070     0x3f0  cos_sin64.o [6]
  .text              ro code   0x800'2460      0x34  DblCmpLe.o [6]
  .text              ro code   0x800'2494     0x24e  DblAddSub.o [6]
  .text              ro code   0x800'26e4     0x158  stm32f4xx_tim.o [3]
  .text              ro code   0x800'283c     0x130  main.o [4]
  .text              ro code   0x800'296c      0x98  stm32f4_discovery.o [2]
  .text              ro code   0x800'2a04     0x128  stm32f4xx_it.o [4]
  .text              ro code   0x800'2b2c     0x11c  system_stm32f4xx.o [4]
  .text              ro code   0x800'2c48      0x28  data_init.o [7]
  .text              ro code   0x800'2c70      0x22  fpinit_M.o [6]
  .iar.init_table    const     0x800'2c94      0x10  - Linker created -
  .text              ro code   0x800'2ca4      0x1e  cmain.o [7]
  .text              ro code   0x800'2cc2       0x4  low_level_init.o [5]
  .text              ro code   0x800'2cc6       0x4  exit.o [5]
  .text              ro code   0x800'2ccc       0xa  cexit.o [7]
  .text              ro code   0x800'2cd8      0x14  exit.o [8]
  .text              ro code   0x800'2cec      0x1c  cstartup_M.o [7]
  .text              ro code   0x800'2d08      0x10  startup_stm32f4xx.o [1]
  .text              ro code   0x800'2d18       0x4  startup_stm32f4xx.o [1]
  .text              ro code   0x800'2d1c       0x4  startup_stm32f4xx.o [1]
  .text              ro code   0x800'2d20       0x4  startup_stm32f4xx.o [1]
  .text              ro code   0x800'2d24       0x4  startup_stm32f4xx.o [1]
  .text              ro code   0x800'2d28       0x4  startup_stm32f4xx.o [1]
  .text              ro code   0x800'2d2c       0x4  startup_stm32f4xx.o [1]
  .text              ro code   0x800'2d30       0x4  startup_stm32f4xx.o [1]
  .text              ro code   0x800'2d34       0x4  startup_stm32f4xx.o [1]
  .text              ro code   0x800'2d38       0x4  startup_stm32f4xx.o [1]
  .text              ro code   0x800'2d3c       0x4  startup_stm32f4xx.o [1]
  .text              ro code   0x800'2d40       0x4  startup_stm32f4xx.o [1]
  .text              ro code   0x800'2d44       0x4  startup_stm32f4xx.o [1]
  .text              ro code   0x800'2d48       0x4  startup_stm32f4xx.o [1]
  .text              ro code   0x800'2d4c       0x4  startup_stm32f4xx.o [1]
  .text              ro code   0x800'2d50       0x4  startup_stm32f4xx.o [1]
  .text              ro code   0x800'2d54       0x4  startup_stm32f4xx.o [1]
  .text              ro code   0x800'2d58       0x4  startup_stm32f4xx.o [1]
  .text              ro code   0x800'2d5c       0x4  startup_stm32f4xx.o [1]
  .text              ro code   0x800'2d60       0x4  startup_stm32f4xx.o [1]
  .text              ro code   0x800'2d64       0x4  startup_stm32f4xx.o [1]
  .text              ro code   0x800'2d68       0x4  startup_stm32f4xx.o [1]
  .text              ro code   0x800'2d6c       0x4  startup_stm32f4xx.o [1]
  .text              ro code   0x800'2d70       0x4  startup_stm32f4xx.o [1]
  .text              ro code   0x800'2d74       0x4  startup_stm32f4xx.o [1]
  .text              ro code   0x800'2d78       0x4  startup_stm32f4xx.o [1]
  .text              ro code   0x800'2d7c       0x4  startup_stm32f4xx.o [1]
  .text              ro code   0x800'2d80       0x4  startup_stm32f4xx.o [1]
  .text              ro code   0x800'2d84       0x4  startup_stm32f4xx.o [1]
  .text              ro code   0x800'2d88       0x4  startup_stm32f4xx.o [1]
  .text              ro code   0x800'2d8c       0x4  startup_stm32f4xx.o [1]
  .text              ro code   0x800'2d90       0x4  startup_stm32f4xx.o [1]
  .text              ro code   0x800'2d94       0x4  startup_stm32f4xx.o [1]
  .text              ro code   0x800'2d98       0x4  startup_stm32f4xx.o [1]
  .text              ro code   0x800'2d9c       0x4  startup_stm32f4xx.o [1]
  .text              ro code   0x800'2da0       0x4  startup_stm32f4xx.o [1]
  .text              ro code   0x800'2da4       0x4  startup_stm32f4xx.o [1]
  .text              ro code   0x800'2da8       0x4  startup_stm32f4xx.o [1]
  .text              ro code   0x800'2dac       0x4  startup_stm32f4xx.o [1]
  .text              ro code   0x800'2db0       0x4  startup_stm32f4xx.o [1]
  .text              ro code   0x800'2db4       0x4  startup_stm32f4xx.o [1]
  .text              ro code   0x800'2db8       0x4  startup_stm32f4xx.o [1]
  .text              ro code   0x800'2dbc       0x4  startup_stm32f4xx.o [1]
  .text              ro code   0x800'2dc0       0x4  startup_stm32f4xx.o [1]
  .text              ro code   0x800'2dc4       0x4  startup_stm32f4xx.o [1]
  .text              ro code   0x800'2dc8       0x4  startup_stm32f4xx.o [1]
  .text              ro code   0x800'2dcc       0x4  startup_stm32f4xx.o [1]
  .text              ro code   0x800'2dd0       0x4  startup_stm32f4xx.o [1]
  .text              ro code   0x800'2dd4       0x4  startup_stm32f4xx.o [1]
  .text              ro code   0x800'2dd8       0x4  startup_stm32f4xx.o [1]
  .text              ro code   0x800'2ddc       0x4  startup_stm32f4xx.o [1]
  .text              ro code   0x800'2de0       0x4  startup_stm32f4xx.o [1]
  .text              ro code   0x800'2de4       0x4  startup_stm32f4xx.o [1]
  .text              ro code   0x800'2de8       0x4  startup_stm32f4xx.o [1]
  .text              ro code   0x800'2dec       0x4  startup_stm32f4xx.o [1]
  .text              ro code   0x800'2df0       0x4  startup_stm32f4xx.o [1]
  .text              ro code   0x800'2df4       0x4  startup_stm32f4xx.o [1]
  .text              ro code   0x800'2df8       0x4  startup_stm32f4xx.o [1]
  .text              ro code   0x800'2dfc       0x4  startup_stm32f4xx.o [1]
  .text              ro code   0x800'2e00       0x4  startup_stm32f4xx.o [1]
  .text              ro code   0x800'2e04       0x4  startup_stm32f4xx.o [1]
  .text              ro code   0x800'2e08       0x4  startup_stm32f4xx.o [1]
  .text              ro code   0x800'2e0c       0x4  startup_stm32f4xx.o [1]
  .text              ro code   0x800'2e10       0x4  startup_stm32f4xx.o [1]
  .text              ro code   0x800'2e14       0x4  startup_stm32f4xx.o [1]
  .text              ro code   0x800'2e18       0x4  startup_stm32f4xx.o [1]
  .text              ro code   0x800'2e1c       0x4  startup_stm32f4xx.o [1]
  .text              ro code   0x800'2e20       0x4  startup_stm32f4xx.o [1]
  .text              ro code   0x800'2e24       0x4  startup_stm32f4xx.o [1]
  .text              ro code   0x800'2e28       0x4  startup_stm32f4xx.o [1]
  .text              ro code   0x800'2e2c       0x4  startup_stm32f4xx.o [1]
  .text              ro code   0x800'2e30       0x4  startup_stm32f4xx.o [1]
  .text              ro code   0x800'2e34       0x4  startup_stm32f4xx.o [1]
  .text              ro code   0x800'2e38       0x4  startup_stm32f4xx.o [1]
  .text              ro code   0x800'2e3c       0x4  startup_stm32f4xx.o [1]
  .text              ro code   0x800'2e40       0x4  startup_stm32f4xx.o [1]
  .text              ro code   0x800'2e44       0x4  startup_stm32f4xx.o [1]
  .text              ro code   0x800'2e48       0x4  startup_stm32f4xx.o [1]
  .text              ro code   0x800'2e4c       0x4  startup_stm32f4xx.o [1]
  .text              ro code   0x800'2e50       0x4  startup_stm32f4xx.o [1]
  .text              ro code   0x800'2e54       0x4  startup_stm32f4xx.o [1]
  .text              ro code   0x800'2e58       0x4  startup_stm32f4xx.o [1]
  .text              ro code   0x800'2e5c       0x4  startup_stm32f4xx.o [1]
  .text              ro code   0x800'2e60       0x4  startup_stm32f4xx.o [1]
  .text              ro code   0x800'2e64       0x4  startup_stm32f4xx.o [1]
  .text              ro code   0x800'2e68       0x4  startup_stm32f4xx.o [1]
  .text              ro code   0x800'2e6c       0x4  startup_stm32f4xx.o [1]
  .text              ro code   0x800'2e70       0x4  startup_stm32f4xx.o [1]
  .text              ro code   0x800'2e74       0x4  startup_stm32f4xx.o [1]
  .text              ro code   0x800'2e78       0x4  startup_stm32f4xx.o [1]
  .text              ro code   0x800'2e7c       0x4  startup_stm32f4xx.o [1]
  .text              ro code   0x800'2e80       0x4  startup_stm32f4xx.o [1]
  .rodata            const     0x800'2e84       0x0  packbits_init_single.o [7]
  Initializer bytes  const     0x800'2e84      0x79  <for P2-1>
                             - 0x800'2efd    0x2d75

"P2", part 1 of 2:                             0xff
  P2-1                        0x2000'0000      0xff  <Init block>
    .data            inited   0x2000'0000      0x14  main.o [4]
    .data            inited   0x2000'0014      0x10  stm32f4_discovery.o [2]
    .data            inited   0x2000'0024      0x78  stm32f4_discovery_audio_codec.o [2]
    .data            inited   0x2000'009c       0x4  stm32f4_discovery_audio_codec.o [2]
    .data            inited   0x2000'00a0       0x4  stm32f4_discovery_lis302dl.o [2]
    .data            inited   0x2000'00a4      0x10  stm32f4xx_rcc.o [3]
    .data            inited   0x2000'00b4      0x14  system_stm32f4xx.o [4]
    .data            inited   0x2000'00c8      0x1c  waveplayer.o [4]
    .bss             inited   0x2000'00e4       0x8  waveplayer.o [4]
    .bss             inited   0x2000'00ec       0x4  waveplayer.o [4]
    .bss             inited   0x2000'00f0       0x4  no_free_heap0.o [5]
    .bss             inited   0x2000'00f4       0x4  xgetmemchunk.o [5]
    .bss             inited   0x2000'00f8       0x4  stm32f4xx_it.o [4]
    .data            inited   0x2000'00fc       0x2  stm32f4xx_it.o [4]
    .data            inited   0x2000'00fe       0x1  waveplayer.o [4]
                            - 0x2000'00ff      0xff

"P2", part 2 of 2:                         0x1'5000
  CSTACK                      0x2000'0100    0x2000  <Block>
    CSTACK           uninit   0x2000'0100    0x2000  <Block tail>
  HEAP                        0x2000'2100  0x1'3000  <Block>
    HEAP             uninit   0x2000'2100  0x1'3000  <Block tail>
                            - 0x2001'5100  0x1'5000

Unused ranges:

         From           To      Size
         ----           --      ----
   0x800'2efd   0x80f'ffff  0xf'd103
  0x2000'00ff  0x2000'00ff       0x1
  0x2001'5100  0x2001'ffff    0xaf00


*******************************************************************************
*** INIT TABLE
***

          Address      Size
          -------      ----
Copy/packbits (__iar_packbits_init_single3)
    1 source range, total size 0x79 (47% of destination):
           0x800'2e84  0x79
    1 destination range, total size 0xff:
          0x2000'0000  0xff



*******************************************************************************
*** MODULE SUMMARY
***

    Module                           ro code  ro data  rw data
    ------                           -------  -------  -------
command line/config:
    ----------------------------------------------------------
    Total:

C:\Users\user\Documents\GitHub\real-time-computing-systems\Audio_playback_and_record\EWARM\MEDIA_IntFLASH\Obj\EWARM: [1]
    startup_stm32f4xx.o                  772
    ----------------------------------------------------------
    Total:                               772

C:\Users\user\Documents\GitHub\real-time-computing-systems\Audio_playback_and_record\EWARM\MEDIA_IntFLASH\Obj\STM32F4-Discovery: [2]
    stm32f4_discovery.o                  152        8       16
    stm32f4_discovery_audio_codec.o    2'412       58      124
    stm32f4_discovery_lis302dl.o         812        2        4
    ----------------------------------------------------------
    Total:                             3'376       68      144

C:\Users\user\Documents\GitHub\real-time-computing-systems\Audio_playback_and_record\EWARM\MEDIA_IntFLASH\Obj\STM32F4xx_StdPeriph_Driver: [3]
    misc.o                               120
    stm32f4xx_dac.o                      100
    stm32f4xx_dma.o                      540
    stm32f4xx_exti.o                     140
    stm32f4xx_gpio.o                     186
    stm32f4xx_i2c.o                      510
    stm32f4xx_rcc.o                      272        8       16
    stm32f4xx_spi.o                      508
    stm32f4xx_syscfg.o                    40
    stm32f4xx_tim.o                      344
    ----------------------------------------------------------
    Total:                             2'760        8       16

C:\Users\user\Documents\GitHub\real-time-computing-systems\Audio_playback_and_record\EWARM\MEDIA_IntFLASH\Obj\User: [4]
    main.o                               304        9       20
    stm32f4xx_it.o                       296        3        6
    system_stm32f4xx.o                   284        9       20
    waveplayer.o                         800       20       41
    ----------------------------------------------------------
    Total:                             1'684       41       87

dl7M_tln.a: [5]
    exit.o                                 4
    low_level_init.o                       4
    no_free_heap0.o                       76        2        4
    xgetmemchunk.o                        44        2        4
    ----------------------------------------------------------
    Total:                               128        4        8

m7M_tls.a: [6]
    DblAddSub.o                          590
    DblCmpLe.o                            52
    DblDiv.o                             582
    DblMul.o                             426
    DblToS32.o                            54
    S32ToDbl.o                            34
    cos_sin64.o                        1'008
    fpinit_M.o                            34
    math_wrappers64.o                     18
    ----------------------------------------------------------
    Total:                             2'798

rt7M_tl.a: [7]
    ABImemcpy.o                          166
    cexit.o                               10
    cmain.o                               30
    cstartup_M.o                          28
    data_init.o                           40
    packbits_init_single.o                58
    ----------------------------------------------------------
    Total:                               332

shb_l.a: [8]
    exit.o                                20
    ----------------------------------------------------------
    Total:                                20

    Gaps                                  20        2
    Linker created                                 16   86'016
--------------------------------------------------------------
    Grand Total:                      11'890      139   86'271


*******************************************************************************
*** ENTRY LIST
***

Entry                       Address   Size  Type      Object
-----                       -------   ----  ----      ------
.iar.init_table$$Base    0x800'2c94          --   Gb  - Linker created -
.iar.init_table$$Limit   0x800'2ca4          --   Gb  - Linker created -
?main                    0x800'2ca5         Code  Gb  cmain.o [7]
AHBPrescTable           0x2000'00b8   0x10  Data  Gb  system_stm32f4xx.o [4]
APBAHBPrescTable        0x2000'00a4   0x10  Data  Lc  stm32f4xx_rcc.o [3]
AUDIO_MAL_DMA_CHANNEL   0x2000'0080    0x4  Data  Gb  stm32f4_discovery_audio_codec.o [2]
AUDIO_MAL_DMA_CLOCK     0x2000'0074    0x4  Data  Gb  stm32f4_discovery_audio_codec.o [2]
AUDIO_MAL_DMA_DREG      0x2000'007c    0x4  Data  Gb  stm32f4_discovery_audio_codec.o [2]
AUDIO_MAL_DMA_FLAG_DME  0x2000'0098    0x4  Data  Gb  stm32f4_discovery_audio_codec.o [2]
AUDIO_MAL_DMA_FLAG_FE   0x2000'0090    0x4  Data  Gb  stm32f4_discovery_audio_codec.o [2]
AUDIO_MAL_DMA_FLAG_HT   0x2000'008c    0x4  Data  Gb  stm32f4_discovery_audio_codec.o [2]
AUDIO_MAL_DMA_FLAG_TC   0x2000'0088    0x4  Data  Gb  stm32f4_discovery_audio_codec.o [2]
AUDIO_MAL_DMA_FLAG_TE   0x2000'0094    0x4  Data  Gb  stm32f4_discovery_audio_codec.o [2]
AUDIO_MAL_DMA_IRQ       0x2000'0084    0x4  Data  Gb  stm32f4_discovery_audio_codec.o [2]
AUDIO_MAL_DMA_STREAM    0x2000'0078    0x4  Data  Gb  stm32f4_discovery_audio_codec.o [2]
AudioPlayStart          0x2000'00c8    0x1  Data  Gb  waveplayer.o [4]
AudioRemSize            0x2000'0068    0x4  Data  Gb  stm32f4_discovery_audio_codec.o [2]
AudioTotalSize          0x2000'0064    0x4  Data  Gb  stm32f4_discovery_audio_codec.o [2]
Audio_MAL_IRQHandler     0x800'0745   0x98  Code  Lc  stm32f4_discovery_audio_codec.o [2]
Buffer                  0x2000'00e4    0x8  Data  Gb  waveplayer.o [4]
BusFault_Handler         0x800'2a0b    0x2  Code  Gb  stm32f4xx_it.o [4]
CCR_Val                 0x2000'0012    0x2  Data  Gb  main.o [4]
CODECTimeout            0x2000'009c    0x4  Data  Gb  stm32f4_discovery_audio_codec.o [2]
CSTACK$$Base            0x2000'0100          --   Gb  - Linker created -
CSTACK$$Limit           0x2000'2100          --   Gb  - Linker created -
Codec_TIMEOUT_UserCallback
                         0x800'16cb    0x4  Code  Gb  waveplayer.o [4]
Codec_VolumeCtrl         0x800'0815   0x20  Code  Lc  stm32f4_discovery_audio_codec.o [2]
Codec_WriteRegister      0x800'0839  0x206  Code  Lc  stm32f4_discovery_audio_codec.o [2]
Count                   0x2000'00fd    0x1  Data  Gb  stm32f4xx_it.o [4]
CurrAudioInterface      0x2000'0070    0x4  Data  Gb  stm32f4_discovery_audio_codec.o [2]
CurrentPos              0x2000'006c    0x4  Data  Gb  stm32f4_discovery_audio_codec.o [2]
DAC_Cmd                  0x800'111d   0x1a  Code  Gb  stm32f4xx_dac.o [3]
DAC_Config               0x800'0a3f   0x48  Code  Gb  stm32f4_discovery_audio_codec.o [2]
DAC_Init                 0x800'10f5   0x28  Code  Gb  stm32f4xx_dac.o [3]
DAC_SetChannel1Data      0x800'1137   0x1e  Code  Gb  stm32f4xx_dac.o [3]
DMA1_Stream0_IRQHandler
                         0x800'07df    0x2  Code  Gb  stm32f4_discovery_audio_codec.o [2]
DMA1_Stream7_IRQHandler
                         0x800'07dd    0x2  Code  Gb  stm32f4_discovery_audio_codec.o [2]
DMA_ClearFlag            0x800'12cf   0x1c  Code  Gb  stm32f4xx_dma.o [3]
DMA_Cmd                  0x800'128b   0x16  Code  Gb  stm32f4xx_dma.o [3]
DMA_DeInit               0x800'1159   0xe0  Code  Gb  stm32f4xx_dma.o [3]
DMA_GetCmdStatus         0x800'12a1    0x8  Code  Gb  stm32f4xx_dma.o [3]
DMA_GetFlagStatus        0x800'12a9   0x26  Code  Gb  stm32f4xx_dma.o [3]
DMA_ITConfig             0x800'12eb   0x2e  Code  Gb  stm32f4xx_dma.o [3]
DMA_Init                 0x800'1239   0x52  Code  Gb  stm32f4xx_dma.o [3]
DMA_InitStructure       0x2000'0024   0x3c  Data  Gb  stm32f4_discovery_audio_codec.o [2]
DebugMon_Handler         0x800'2a11    0x2  Code  Gb  stm32f4xx_it.o [4]
EVAL_AUDIO_GetSampleCallBack
                         0x800'16c7    0x4  Code  Gb  waveplayer.o [4]
EVAL_AUDIO_Init          0x800'020f  0x3b2  Code  Gb  stm32f4_discovery_audio_codec.o [2]
EVAL_AUDIO_PauseResume   0x800'061b   0x84  Code  Gb  stm32f4_discovery_audio_codec.o [2]
EVAL_AUDIO_Play          0x800'05c1   0x5a  Code  Gb  stm32f4_discovery_audio_codec.o [2]
EVAL_AUDIO_SetAudioInterface
                         0x800'0189   0x86  Code  Gb  stm32f4_discovery_audio_codec.o [2]
EVAL_AUDIO_Stop          0x800'069f   0xa6  Code  Gb  stm32f4_discovery_audio_codec.o [2]
EVAL_AUDIO_TransferComplete_CallBack
                         0x800'166f   0x58  Code  Gb  waveplayer.o [4]
EXTI1_IRQHandler         0x800'2a19   0x34  Code  Gb  stm32f4xx_it.o [4]
EXTI_ClearITPendingBit   0x800'2037    0x6  Code  Gb  stm32f4xx_exti.o [3]
EXTI_GetITStatus         0x800'2021   0x16  Code  Gb  stm32f4xx_exti.o [3]
EXTI_Init                0x800'1fb9   0x68  Code  Gb  stm32f4xx_exti.o [3]
GPIO_CLK                 0x800'29f4   0x10  Data  Gb  stm32f4_discovery.o [2]
GPIO_Init                0x800'0c05   0x82  Code  Gb  stm32f4xx_gpio.o [3]
GPIO_PIN                 0x800'29ec    0x8  Data  Gb  stm32f4_discovery.o [2]
GPIO_PORT               0x2000'0014   0x10  Data  Gb  stm32f4_discovery.o [2]
GPIO_PinAFConfig         0x800'0c99   0x26  Code  Gb  stm32f4xx_gpio.o [3]
GPIO_ResetBits           0x800'0c8b    0x4  Code  Gb  stm32f4xx_gpio.o [3]
GPIO_SetBits             0x800'0c87    0x4  Code  Gb  stm32f4xx_gpio.o [3]
GPIO_WriteBit            0x800'0c8f    0xa  Code  Gb  stm32f4xx_gpio.o [3]
HEAP$$Base              0x2000'2100          --   Gb  - Linker created -
HEAP$$Limit             0x2001'5100          --   Gb  - Linker created -
HardFault_Handler        0x800'2a07    0x2  Code  Gb  stm32f4xx_it.o [4]
I2C_AcknowledgeConfig    0x800'0e79   0x18  Code  Gb  stm32f4xx_i2c.o [3]
I2C_CheckEvent           0x800'0e9b   0x1a  Code  Gb  stm32f4xx_i2c.o [3]
I2C_ClearFlag            0x800'0ef1    0x6  Code  Gb  stm32f4xx_i2c.o [3]
I2C_Cmd                  0x800'0e21   0x18  Code  Gb  stm32f4xx_i2c.o [3]
I2C_DeInit               0x800'0cf9   0x58  Code  Gb  stm32f4xx_i2c.o [3]
I2C_GenerateSTART        0x800'0e39   0x18  Code  Gb  stm32f4xx_i2c.o [3]
I2C_GenerateSTOP         0x800'0e51   0x18  Code  Gb  stm32f4xx_i2c.o [3]
I2C_GetFlagStatus        0x800'0eb5   0x3c  Code  Gb  stm32f4xx_i2c.o [3]
I2C_Init                 0x800'0d51   0xb6  Code  Gb  stm32f4xx_i2c.o [3]
I2C_ReceiveData          0x800'0e95    0x6  Code  Gb  stm32f4xx_i2c.o [3]
I2C_Send7bitAddress      0x800'0e69   0x10  Code  Gb  stm32f4xx_i2c.o [3]
I2C_SendData             0x800'0e91    0x4  Code  Gb  stm32f4xx_i2c.o [3]
I2S_Cmd                  0x800'109d   0x18  Code  Gb  stm32f4xx_spi.o [3]
I2S_Init                 0x800'0fab   0xc6  Code  Gb  stm32f4xx_spi.o [3]
LED_Toggle              0x2000'00f8    0x1  Data  Gb  stm32f4xx_it.o [4]
LIS302DLTimeout         0x2000'00a0    0x4  Data  Gb  stm32f4_discovery_lis302dl.o [2]
LIS302DL_Init            0x800'1c65  0x15a  Code  Gb  stm32f4_discovery_lis302dl.o [2]
LIS302DL_InterruptConfig
                         0x800'1dbf   0x4e  Code  Gb  stm32f4_discovery_lis302dl.o [2]
LIS302DL_Read            0x800'1e99   0x8c  Code  Gb  stm32f4_discovery_lis302dl.o [2]
LIS302DL_SendByte        0x800'1f25   0x5a  Code  Lc  stm32f4_discovery_lis302dl.o [2]
LIS302DL_TIMEOUT_UserCallback
                         0x800'166d    0x2  Code  Gb  waveplayer.o [4]
LIS302DL_Write           0x800'1e0d   0x8c  Code  Gb  stm32f4_discovery_lis302dl.o [2]
MemManage_Handler        0x800'2a09    0x2  Code  Gb  stm32f4xx_it.o [4]
NMI_Handler              0x800'2a05    0x2  Code  Gb  stm32f4xx_it.o [4]
NVIC_Init                0x800'137f   0x5a  Code  Gb  misc.o [3]
NVIC_PriorityGroupConfig
                         0x800'1375    0xa  Code  Gb  misc.o [3]
OutputDev               0x2000'0060    0x1  Data  Gb  stm32f4_discovery_audio_codec.o [2]
PauseResumeStatus       0x2000'00fc    0x1  Data  Gb  stm32f4xx_it.o [4]
PendSV_Handler           0x800'2a13    0x2  Code  Gb  stm32f4xx_it.o [4]
RCC_AHB1PeriphClockCmd   0x800'0b7b   0x14  Code  Gb  stm32f4xx_rcc.o [3]
RCC_APB1PeriphClockCmd   0x800'0b8f   0x14  Code  Gb  stm32f4xx_rcc.o [3]
RCC_APB1PeriphResetCmd   0x800'0bb7   0x14  Code  Gb  stm32f4xx_rcc.o [3]
RCC_APB2PeriphClockCmd   0x800'0ba3   0x14  Code  Gb  stm32f4xx_rcc.o [3]
RCC_APB2PeriphResetCmd   0x800'0bcb   0x14  Code  Gb  stm32f4xx_rcc.o [3]
RCC_Clocks              0x2000'0000   0x10  Data  Gb  main.o [4]
RCC_GetClocksFreq        0x800'0af5   0x86  Code  Gb  stm32f4xx_rcc.o [3]
Region$$Table$$Base      0x800'2c94          --   Gb  - Linker created -
Region$$Table$$Limit     0x800'2ca4          --   Gb  - Linker created -
RepeatState             0x2000'0010    0x1  Data  Gb  main.o [4]
SPI3_IRQHandler          0x800'07e1   0x34  Code  Gb  stm32f4_discovery_audio_codec.o [2]
SPI_Cmd                  0x800'1085   0x18  Code  Gb  stm32f4xx_spi.o [3]
SPI_I2S_DMACmd           0x800'10bd   0x10  Code  Gb  stm32f4xx_spi.o [3]
SPI_I2S_DeInit           0x800'0ef9   0x60  Code  Gb  stm32f4xx_spi.o [3]
SPI_I2S_GetFlagStatus    0x800'10e7    0xe  Code  Gb  stm32f4xx_spi.o [3]
SPI_I2S_ITConfig         0x800'10cd   0x1a  Code  Gb  stm32f4xx_spi.o [3]
SPI_I2S_ReceiveData      0x800'10b5    0x4  Code  Gb  stm32f4xx_spi.o [3]
SPI_I2S_SendData         0x800'10b9    0x4  Code  Gb  stm32f4xx_spi.o [3]
SPI_Init                 0x800'0f59   0x52  Code  Gb  stm32f4xx_spi.o [3]
STM_EVAL_LEDInit         0x800'296d   0x42  Code  Gb  stm32f4_discovery.o [2]
STM_EVAL_LEDOff          0x800'29c1   0x10  Code  Gb  stm32f4_discovery.o [2]
STM_EVAL_LEDOn           0x800'29b1   0x10  Code  Gb  stm32f4_discovery.o [2]
STM_EVAL_LEDToggle       0x800'29d1   0x16  Code  Gb  stm32f4_discovery.o [2]
SVC_Handler              0x800'2a0f    0x2  Code  Gb  stm32f4xx_it.o [4]
SYSCFG_EXTILineConfig    0x800'1f91   0x24  Code  Gb  stm32f4xx_syscfg.o [3]
SysTick_Handler          0x800'2a15    0x4  Code  Gb  stm32f4xx_it.o [4]
SystemCoreClock         0x2000'00b4    0x4  Data  Gb  system_stm32f4xx.o [4]
SystemInit               0x800'2b2d   0xfe  Code  Gb  system_stm32f4xx.o [4]
TIM4_IRQHandler          0x800'2a4d   0xc6  Code  Gb  stm32f4xx_it.o [4]
TIM_ARRPreloadConfig     0x800'274b   0x18  Code  Gb  stm32f4xx_tim.o [3]
TIM_ClearITPendingBit    0x800'2837    0x6  Code  Gb  stm32f4xx_tim.o [3]
TIM_Cmd                  0x800'2763   0x18  Code  Gb  stm32f4xx_tim.o [3]
TIM_GetCapture1          0x800'280f    0x4  Code  Gb  stm32f4xx_tim.o [3]
TIM_GetITStatus          0x800'2823   0x14  Code  Gb  stm32f4xx_tim.o [3]
TIM_ITConfig             0x800'2813   0x10  Code  Gb  stm32f4xx_tim.o [3]
TIM_OC1Init              0x800'277b   0x66  Code  Gb  stm32f4xx_tim.o [3]
TIM_OC1PreloadConfig     0x800'2801    0xe  Code  Gb  stm32f4xx_tim.o [3]
TIM_SetCompare1          0x800'27fd    0x4  Code  Gb  stm32f4xx_tim.o [3]
TIM_TimeBaseInit         0x800'26e5   0x66  Code  Gb  stm32f4xx_tim.o [3]
TimingDelay             0x2000'00ec    0x4  Data  Lc  waveplayer.o [4]
TimingDelay_Decrement    0x800'16cf    0xe  Code  Gb  waveplayer.o [4]
UsageFault_Handler       0x800'2a0d    0x2  Code  Gb  stm32f4xx_it.o [4]
WavePlayBack             0x800'14bf   0x64  Code  Gb  waveplayer.o [4]
WavePlayerInit           0x800'1523  0x14a  Code  Gb  waveplayer.o [4]
__aeabi_cdcmple          0x800'2461         Code  Gb  DblCmpLe.o [6]
__aeabi_d2iz             0x800'1b85         Code  Gb  DblToS32.o [6]
__aeabi_dadd             0x800'2495         Code  Gb  DblAddSub.o [6]
__aeabi_ddiv             0x800'1929         Code  Gb  DblDiv.o [6]
__aeabi_dmul             0x800'177d         Code  Gb  DblMul.o [6]
__aeabi_i2d              0x800'1759         Code  Gb  S32ToDbl.o [6]
__aeabi_memcpy           0x800'1bbd         Code  Gb  ABImemcpy.o [7]
__aeabi_memcpy4          0x800'1bdd         Code  Gb  ABImemcpy.o [7]
__aeabi_memcpy8          0x800'1bdd         Code  Gb  ABImemcpy.o [7]
__cmain                  0x800'2ca5         Code  Gb  cmain.o [7]
__data_GetMemChunk       0x800'2045   0x2c  Code  Gb  xgetmemchunk.o [5]
__data_GetMemChunk::start
                        0x2000'00f4    0x4  Data  Lc  xgetmemchunk.o [5]
__exit                   0x800'2cd9   0x14  Code  Gb  exit.o [8]
__iar_Sin64              0x800'2071  0x35c  Code  Lc  cos_sin64.o [6]
__iar_data_init3         0x800'2c49   0x28  Code  Gb  data_init.o [7]
__iar_init_vfp           0x800'2c71         Code  Gb  fpinit_M.o [6]
__iar_packbits_init_single3
                         0x800'0cbf   0x3a  Code  Gb  packbits_init_single.o [7]
__iar_program_start      0x800'2ced         Code  Gb  cstartup_M.o [7]
__iar_sin64              0x800'245d    0x4  Code  Gb  cos_sin64.o [6]
__iar_sin_medium         0x800'245d    0x4  Code  Gb  cos_sin64.o [6]
__iar_sin_medium64       0x800'245d    0x4  Code  Gb  cos_sin64.o [6]
__iar_sin_mediuml        0x800'245d    0x4  Code  Gb  cos_sin64.o [6]
__iar_vfp_sin            0x800'1b77    0xc  Code  Gb  math_wrappers64.o [6]
__low_level_init         0x800'2cc3    0x4  Code  Gb  low_level_init.o [5]
__no_free_malloc         0x800'170d   0x46  Code  Gb  no_free_heap0.o [5]
__vector_table           0x800'0000         Data  Gb  startup_stm32f4xx.o [1]
_call_main               0x800'2cb1         Code  Gb  cmain.o [7]
_exit                    0x800'2ccd         Code  Gb  cexit.o [7]
capture                 0x2000'00fa    0x2  Data  Gb  stm32f4xx_it.o [4]
exit                     0x800'2cc7    0x4  Code  Gb  exit.o [5]
len                     0x2000'00e0    0x4  Data  Gb  waveplayer.o [4]
main                     0x800'283d  0x130  Code  Gb  main.o [4]
n                       0x2000'00ca    0x2  Data  Gb  waveplayer.o [4]
pbuffer                 0x2000'00dc    0x4  Data  Gb  waveplayer.o [4]
qs                      0x2000'00f0    0x4  Data  Lc  no_free_heap0.o [5]
samplerate              0x2000'00cc    0x2  Data  Gb  waveplayer.o [4]
sin                      0x800'245d    0x4  Code  Gb  cos_sin64.o [6]
sinGen                   0x800'13ed   0xd2  Code  Gb  waveplayer.o [4]
sinGen::buffer          0x2000'00d4    0x4  Data  Lc  waveplayer.o [4]
sinGen::final_buffer    0x2000'00d8    0x4  Data  Lc  waveplayer.o [4]
sinl                     0x800'245d    0x4  Code  Gb  cos_sin64.o [6]
volume                  0x2000'00fe    0x1  Data  Gb  waveplayer.o [4]
wave_frequency          0x2000'00ce    0x2  Data  Gb  waveplayer.o [4]
wave_frequency_counter  0x2000'00d0    0x2  Data  Gb  waveplayer.o [4]


[1] = C:\Users\user\Documents\GitHub\real-time-computing-systems\Audio_playback_and_record\EWARM\MEDIA_IntFLASH\Obj\EWARM
[2] = C:\Users\user\Documents\GitHub\real-time-computing-systems\Audio_playback_and_record\EWARM\MEDIA_IntFLASH\Obj\STM32F4-Discovery
[3] = C:\Users\user\Documents\GitHub\real-time-computing-systems\Audio_playback_and_record\EWARM\MEDIA_IntFLASH\Obj\STM32F4xx_StdPeriph_Driver
[4] = C:\Users\user\Documents\GitHub\real-time-computing-systems\Audio_playback_and_record\EWARM\MEDIA_IntFLASH\Obj\User
[5] = dl7M_tln.a
[6] = m7M_tls.a
[7] = rt7M_tl.a
[8] = shb_l.a

  11'890 bytes of readonly  code memory
     139 bytes of readonly  data memory
  86'271 bytes of readwrite data memory

Errors: none
Warnings: none
